[0.410s] Invoking command in '/home/alexsoft55/FSR_robot/build/sebaju_gazebo': PYTHONPATH=/home/alexsoft55/FSR_robot/build/sebaju_gazebo/prefix_override:/usr/lib/python3/dist-packages/colcon_core/task/python/colcon_distutils_commands:/home/alexsoft55/FSR_robot/install/sebaju_gazebo/lib/python3.10/site-packages:${PYTHONPATH} /usr/bin/python3 -W ignore:setup.py install is deprecated -W ignore:easy_install command is deprecated setup.py develop --editable --build-directory /home/alexsoft55/FSR_robot/build/sebaju_gazebo/build --no-deps symlink_data
[0.573s] running develop
[0.687s] running egg_info
[0.687s] creating sebaju_gazebo.egg-info
[0.687s] writing sebaju_gazebo.egg-info/PKG-INFO
[0.687s] writing dependency_links to sebaju_gazebo.egg-info/dependency_links.txt
[0.687s] writing entry points to sebaju_gazebo.egg-info/entry_points.txt
[0.687s] writing requirements to sebaju_gazebo.egg-info/requires.txt
[0.687s] writing top-level names to sebaju_gazebo.egg-info/top_level.txt
[0.687s] writing manifest file 'sebaju_gazebo.egg-info/SOURCES.txt'
[0.689s] reading manifest file 'sebaju_gazebo.egg-info/SOURCES.txt'
[0.689s] writing manifest file 'sebaju_gazebo.egg-info/SOURCES.txt'
[0.690s] running build_ext
[0.690s] Creating /home/alexsoft55/FSR_robot/install/sebaju_gazebo/lib/python3.10/site-packages/sebaju-gazebo.egg-link (link to .)
[0.691s] Installing balance_jump_controller script to /home/alexsoft55/FSR_robot/install/sebaju_gazebo/lib/sebaju_gazebo
[0.691s] 
[0.691s] Installed /home/alexsoft55/FSR_robot/build/sebaju_gazebo
[0.692s] running symlink_data
[0.692s] creating /home/alexsoft55/FSR_robot/install/sebaju_gazebo/share/ament_index
[0.692s] creating /home/alexsoft55/FSR_robot/install/sebaju_gazebo/share/ament_index/resource_index
[0.692s] creating /home/alexsoft55/FSR_robot/install/sebaju_gazebo/share/ament_index/resource_index/packages
[0.692s] symbolically linking /home/alexsoft55/FSR_robot/build/sebaju_gazebo/resource/sebaju_gazebo -> /home/alexsoft55/FSR_robot/install/sebaju_gazebo/share/ament_index/resource_index/packages
[0.692s] symbolically linking /home/alexsoft55/FSR_robot/build/sebaju_gazebo/package.xml -> /home/alexsoft55/FSR_robot/install/sebaju_gazebo/share/sebaju_gazebo
[0.692s] creating /home/alexsoft55/FSR_robot/install/sebaju_gazebo/share/sebaju_gazebo/launch
[0.692s] symbolically linking /home/alexsoft55/FSR_robot/build/sebaju_gazebo/launch/sebaju_gazebo.launch.py -> /home/alexsoft55/FSR_robot/install/sebaju_gazebo/share/sebaju_gazebo/launch
[0.692s] creating /home/alexsoft55/FSR_robot/install/sebaju_gazebo/share/sebaju_gazebo/urdf
[0.692s] symbolically linking /home/alexsoft55/FSR_robot/build/sebaju_gazebo/urdf/sebaju.urdf.xacro -> /home/alexsoft55/FSR_robot/install/sebaju_gazebo/share/sebaju_gazebo/urdf
[0.693s] creating /home/alexsoft55/FSR_robot/install/sebaju_gazebo/share/sebaju_gazebo/config
[0.693s] symbolically linking /home/alexsoft55/FSR_robot/build/sebaju_gazebo/config/sebaju_controllers.yaml -> /home/alexsoft55/FSR_robot/install/sebaju_gazebo/share/sebaju_gazebo/config
[0.693s] creating /home/alexsoft55/FSR_robot/install/sebaju_gazebo/share/sebaju_gazebo/worlds
[0.693s] symbolically linking /home/alexsoft55/FSR_robot/build/sebaju_gazebo/worlds/sebaju_world.sdf -> /home/alexsoft55/FSR_robot/install/sebaju_gazebo/share/sebaju_gazebo/worlds
[0.712s] Invoked command in '/home/alexsoft55/FSR_robot/build/sebaju_gazebo' returned '0': PYTHONPATH=/home/alexsoft55/FSR_robot/build/sebaju_gazebo/prefix_override:/usr/lib/python3/dist-packages/colcon_core/task/python/colcon_distutils_commands:/home/alexsoft55/FSR_robot/install/sebaju_gazebo/lib/python3.10/site-packages:${PYTHONPATH} /usr/bin/python3 -W ignore:setup.py install is deprecated -W ignore:easy_install command is deprecated setup.py develop --editable --build-directory /home/alexsoft55/FSR_robot/build/sebaju_gazebo/build --no-deps symlink_data
